../Core/Src/main.c:71:5:_write	24	static
../Core/Src/main.c:86:5:main	8	static
../Core/Src/main.c:138:6:SystemClock_Config	72	static
../Core/Src/main.c:175:13:MX_TIM1_Init	56	static
../Core/Src/main.c:225:13:MX_TIM2_Init	56	static
../Core/Src/main.c:277:13:MX_TIM3_Init	48	static
../Core/Src/main.c:326:13:MX_USART1_UART_Init	8	static
../Core/Src/main.c:359:13:MX_GPIO_Init	24	static
../Core/Src/main.c:370:6:HAL_TIM_PeriodElapsedCallback	32	static
../Core/Src/main.c:417:6:Error_Handler	4	static,ignoring_inline_asm
