../Core/Src/main.c:95:5:_write	24	static
../Core/Src/main.c:119:5:main	16	static
../Core/Src/main.c:185:6:SystemClock_Config	72	static
../Core/Src/main.c:225:13:MX_TIM1_Init	96	static
../Core/Src/main.c:299:13:MX_TIM2_Init	56	static
../Core/Src/main.c:351:13:MX_TIM4_Init	56	static
../Core/Src/main.c:400:13:MX_USART1_UART_Init	8	static
../Core/Src/main.c:433:13:MX_GPIO_Init	40	static
../Core/Src/main.c:457:6:HAL_TIM_PeriodElapsedCallback	32	static
../Core/Src/main.c:525:6:motorClockWise	8	static
../Core/Src/main.c:534:6:motorAntiClockWise	8	static
../Core/Src/main.c:544:6:motorStop	8	static
../Core/Src/main.c:554:6:Error_Handler	4	static,ignoring_inline_asm
